// Jest Snapshot v1, https://goo.gl/fbAQLP

exports[`renders app and matches snapshot matches snapshot 1`] = `
<div
  className="App"
>
  <svg
    className="grid"
    height={950}
    version="1.1"
    viewBox="-50 -50 100 100"
    width={1900}
    xmlns="http://www.w3.org/2000/svg"
  >
    <g
      className="tiles"
    >
      <g
        className="hexagon-group"
        draggable="true"
        onClick={[Function]}
        onDragEnd={[Function]}
        onDragOver={[Function]}
        onDragStart={[Function]}
        onDrop={[Function]}
        onMouseEnter={[Function]}
        onMouseLeave={[Function]}
        onMouseOver={[Function]}
        transform="translate(11.80827969310625, 0)"
      >
        <g
          className="hexagon"
        >
          <polygon
            fill={null}
            points="6.062177826491071,3.4999999999999996 4.286263797015736e-16,7 -6.062177826491071,3.4999999999999996 -6.062177826491071,-3.4999999999999982 -1.2858791391047208e-15,-7 6.062177826491069,-3.500000000000003"
          />
        </g>
      </g>
      <g
        className="hexagon-group"
        draggable="true"
        onClick={[Function]}
        onDragEnd={[Function]}
        onDragOver={[Function]}
        onDragStart={[Function]}
        onDrop={[Function]}
        onMouseEnter={[Function]}
        onMouseLeave={[Function]}
        onMouseOver={[Function]}
        transform="translate(18.173566410921875, 11.025)"
      >
        <g
          className="hexagon"
        >
          <polygon
            fill={null}
            points="6.062177826491071,3.4999999999999996 4.286263797015736e-16,7 -6.062177826491071,3.4999999999999996 -6.062177826491071,-3.4999999999999982 -1.2858791391047208e-15,-7 6.062177826491069,-3.500000000000003"
          />
        </g>
      </g>
      <g
        className="hexagon-group"
        draggable="true"
        onClick={[Function]}
        onDragEnd={[Function]}
        onDragOver={[Function]}
        onDragStart={[Function]}
        onDrop={[Function]}
        onMouseEnter={[Function]}
        onMouseLeave={[Function]}
        onMouseOver={[Function]}
        transform="translate(24.5388531287375, 22.05)"
      >
        <g
          className="hexagon"
        >
          <polygon
            fill={null}
            points="6.062177826491071,3.4999999999999996 4.286263797015736e-16,7 -6.062177826491071,3.4999999999999996 -6.062177826491071,-3.4999999999999982 -1.2858791391047208e-15,-7 6.062177826491069,-3.500000000000003"
          />
        </g>
      </g>
      <g
        className="hexagon-group"
        draggable="true"
        onClick={[Function]}
        onDragEnd={[Function]}
        onDragOver={[Function]}
        onDragStart={[Function]}
        onDrop={[Function]}
        onMouseEnter={[Function]}
        onMouseLeave={[Function]}
        onMouseOver={[Function]}
        transform="translate(30.904139846553125, 33.075)"
      >
        <g
          className="hexagon"
        >
          <polygon
            fill={null}
            points="6.062177826491071,3.4999999999999996 4.286263797015736e-16,7 -6.062177826491071,3.4999999999999996 -6.062177826491071,-3.4999999999999982 -1.2858791391047208e-15,-7 6.062177826491069,-3.500000000000003"
          />
        </g>
      </g>
      <g
        className="hexagon-group"
        draggable="true"
        onClick={[Function]}
        onDragEnd={[Function]}
        onDragOver={[Function]}
        onDragStart={[Function]}
        onDrop={[Function]}
        onMouseEnter={[Function]}
        onMouseLeave={[Function]}
        onMouseOver={[Function]}
        transform="translate(18.17356641092188, -11.025)"
      >
        <g
          className="hexagon"
        >
          <polygon
            fill={null}
            points="6.062177826491071,3.4999999999999996 4.286263797015736e-16,7 -6.062177826491071,3.4999999999999996 -6.062177826491071,-3.4999999999999982 -1.2858791391047208e-15,-7 6.062177826491069,-3.500000000000003"
          />
        </g>
      </g>
      <g
        className="hexagon-group"
        draggable="true"
        onClick={[Function]}
        onDragEnd={[Function]}
        onDragOver={[Function]}
        onDragStart={[Function]}
        onDrop={[Function]}
        onMouseEnter={[Function]}
        onMouseLeave={[Function]}
        onMouseOver={[Function]}
        transform="translate(24.538853128737504, 0)"
      >
        <g
          className="hexagon"
        >
          <polygon
            fill={null}
            points="6.062177826491071,3.4999999999999996 4.286263797015736e-16,7 -6.062177826491071,3.4999999999999996 -6.062177826491071,-3.4999999999999982 -1.2858791391047208e-15,-7 6.062177826491069,-3.500000000000003"
          />
        </g>
      </g>
      <g
        className="hexagon-group"
        draggable="true"
        onClick={[Function]}
        onDragEnd={[Function]}
        onDragOver={[Function]}
        onDragStart={[Function]}
        onDrop={[Function]}
        onMouseEnter={[Function]}
        onMouseLeave={[Function]}
        onMouseOver={[Function]}
        transform="translate(30.904139846553125, 11.025)"
      >
        <g
          className="hexagon"
        >
          <polygon
            fill={null}
            points="6.062177826491071,3.4999999999999996 4.286263797015736e-16,7 -6.062177826491071,3.4999999999999996 -6.062177826491071,-3.4999999999999982 -1.2858791391047208e-15,-7 6.062177826491069,-3.500000000000003"
          />
        </g>
      </g>
      <g
        className="hexagon-group"
        draggable="true"
        onClick={[Function]}
        onDragEnd={[Function]}
        onDragOver={[Function]}
        onDragStart={[Function]}
        onDrop={[Function]}
        onMouseEnter={[Function]}
        onMouseLeave={[Function]}
        onMouseOver={[Function]}
        transform="translate(37.26942656436875, 22.05)"
      >
        <g
          className="hexagon"
        >
          <polygon
            fill={null}
            points="6.062177826491071,3.4999999999999996 4.286263797015736e-16,7 -6.062177826491071,3.4999999999999996 -6.062177826491071,-3.4999999999999982 -1.2858791391047208e-15,-7 6.062177826491069,-3.500000000000003"
          />
        </g>
      </g>
      <g
        className="hexagon-group"
        draggable="true"
        onClick={[Function]}
        onDragEnd={[Function]}
        onDragOver={[Function]}
        onDragStart={[Function]}
        onDrop={[Function]}
        onMouseEnter={[Function]}
        onMouseLeave={[Function]}
        onMouseOver={[Function]}
        transform="translate(43.63471328218438, 33.075)"
      >
        <g
          className="hexagon"
        >
          <polygon
            fill={null}
            points="6.062177826491071,3.4999999999999996 4.286263797015736e-16,7 -6.062177826491071,3.4999999999999996 -6.062177826491071,-3.4999999999999982 -1.2858791391047208e-15,-7 6.062177826491069,-3.500000000000003"
          />
        </g>
      </g>
      <g
        className="hexagon-group"
        draggable="true"
        onClick={[Function]}
        onDragEnd={[Function]}
        onDragOver={[Function]}
        onDragStart={[Function]}
        onDrop={[Function]}
        onMouseEnter={[Function]}
        onMouseLeave={[Function]}
        onMouseOver={[Function]}
        transform="translate(24.538853128737504, -22.05)"
      >
        <g
          className="hexagon"
        >
          <polygon
            fill={null}
            points="6.062177826491071,3.4999999999999996 4.286263797015736e-16,7 -6.062177826491071,3.4999999999999996 -6.062177826491071,-3.4999999999999982 -1.2858791391047208e-15,-7 6.062177826491069,-3.500000000000003"
          />
        </g>
      </g>
      <g
        className="hexagon-group"
        draggable="true"
        onClick={[Function]}
        onDragEnd={[Function]}
        onDragOver={[Function]}
        onDragStart={[Function]}
        onDrop={[Function]}
        onMouseEnter={[Function]}
        onMouseLeave={[Function]}
        onMouseOver={[Function]}
        transform="translate(30.904139846553125, -11.025)"
      >
        <g
          className="hexagon"
        >
          <polygon
            fill={null}
            points="6.062177826491071,3.4999999999999996 4.286263797015736e-16,7 -6.062177826491071,3.4999999999999996 -6.062177826491071,-3.4999999999999982 -1.2858791391047208e-15,-7 6.062177826491069,-3.500000000000003"
          />
        </g>
      </g>
      <g
        className="hexagon-group"
        draggable="true"
        onClick={[Function]}
        onDragEnd={[Function]}
        onDragOver={[Function]}
        onDragStart={[Function]}
        onDrop={[Function]}
        onMouseEnter={[Function]}
        onMouseLeave={[Function]}
        onMouseOver={[Function]}
        transform="translate(37.26942656436875, 0)"
      >
        <g
          className="hexagon"
        >
          <polygon
            fill={null}
            points="6.062177826491071,3.4999999999999996 4.286263797015736e-16,7 -6.062177826491071,3.4999999999999996 -6.062177826491071,-3.4999999999999982 -1.2858791391047208e-15,-7 6.062177826491069,-3.500000000000003"
          />
        </g>
      </g>
      <g
        className="hexagon-group"
        draggable="true"
        onClick={[Function]}
        onDragEnd={[Function]}
        onDragOver={[Function]}
        onDragStart={[Function]}
        onDrop={[Function]}
        onMouseEnter={[Function]}
        onMouseLeave={[Function]}
        onMouseOver={[Function]}
        transform="translate(43.63471328218438, 11.025)"
      >
        <g
          className="hexagon"
        >
          <polygon
            fill={null}
            points="6.062177826491071,3.4999999999999996 4.286263797015736e-16,7 -6.062177826491071,3.4999999999999996 -6.062177826491071,-3.4999999999999982 -1.2858791391047208e-15,-7 6.062177826491069,-3.500000000000003"
          />
        </g>
      </g>
      <g
        className="hexagon-group"
        draggable="true"
        onClick={[Function]}
        onDragEnd={[Function]}
        onDragOver={[Function]}
        onDragStart={[Function]}
        onDrop={[Function]}
        onMouseEnter={[Function]}
        onMouseLeave={[Function]}
        onMouseOver={[Function]}
        transform="translate(50, 22.05)"
      >
        <g
          className="hexagon"
        >
          <polygon
            fill={null}
            points="6.062177826491071,3.4999999999999996 4.286263797015736e-16,7 -6.062177826491071,3.4999999999999996 -6.062177826491071,-3.4999999999999982 -1.2858791391047208e-15,-7 6.062177826491069,-3.500000000000003"
          />
        </g>
      </g>
      <g
        className="hexagon-group"
        draggable="true"
        onClick={[Function]}
        onDragEnd={[Function]}
        onDragOver={[Function]}
        onDragStart={[Function]}
        onDrop={[Function]}
        onMouseEnter={[Function]}
        onMouseLeave={[Function]}
        onMouseOver={[Function]}
        transform="translate(56.36528671781562, 33.075)"
      >
        <g
          className="hexagon"
        >
          <polygon
            fill={null}
            points="6.062177826491071,3.4999999999999996 4.286263797015736e-16,7 -6.062177826491071,3.4999999999999996 -6.062177826491071,-3.4999999999999982 -1.2858791391047208e-15,-7 6.062177826491069,-3.500000000000003"
          />
        </g>
      </g>
      <g
        className="hexagon-group"
        draggable="true"
        onClick={[Function]}
        onDragEnd={[Function]}
        onDragOver={[Function]}
        onDragStart={[Function]}
        onDrop={[Function]}
        onMouseEnter={[Function]}
        onMouseLeave={[Function]}
        onMouseOver={[Function]}
        transform="translate(30.904139846553125, -33.075)"
      >
        <g
          className="hexagon"
        >
          <polygon
            fill={null}
            points="6.062177826491071,3.4999999999999996 4.286263797015736e-16,7 -6.062177826491071,3.4999999999999996 -6.062177826491071,-3.4999999999999982 -1.2858791391047208e-15,-7 6.062177826491069,-3.500000000000003"
          />
        </g>
      </g>
      <g
        className="hexagon-group"
        draggable="true"
        onClick={[Function]}
        onDragEnd={[Function]}
        onDragOver={[Function]}
        onDragStart={[Function]}
        onDrop={[Function]}
        onMouseEnter={[Function]}
        onMouseLeave={[Function]}
        onMouseOver={[Function]}
        transform="translate(37.26942656436875, -22.05)"
      >
        <g
          className="hexagon"
        >
          <polygon
            fill={null}
            points="6.062177826491071,3.4999999999999996 4.286263797015736e-16,7 -6.062177826491071,3.4999999999999996 -6.062177826491071,-3.4999999999999982 -1.2858791391047208e-15,-7 6.062177826491069,-3.500000000000003"
          />
        </g>
      </g>
      <g
        className="hexagon-group"
        draggable="true"
        onClick={[Function]}
        onDragEnd={[Function]}
        onDragOver={[Function]}
        onDragStart={[Function]}
        onDrop={[Function]}
        onMouseEnter={[Function]}
        onMouseLeave={[Function]}
        onMouseOver={[Function]}
        transform="translate(43.63471328218438, -11.025)"
      >
        <g
          className="hexagon"
        >
          <polygon
            fill={null}
            points="6.062177826491071,3.4999999999999996 4.286263797015736e-16,7 -6.062177826491071,3.4999999999999996 -6.062177826491071,-3.4999999999999982 -1.2858791391047208e-15,-7 6.062177826491069,-3.500000000000003"
          />
        </g>
      </g>
      <g
        className="hexagon-group"
        draggable="true"
        onClick={[Function]}
        onDragEnd={[Function]}
        onDragOver={[Function]}
        onDragStart={[Function]}
        onDrop={[Function]}
        onMouseEnter={[Function]}
        onMouseLeave={[Function]}
        onMouseOver={[Function]}
        transform="translate(50, 0)"
      >
        <g
          className="hexagon"
        >
          <polygon
            fill={null}
            points="6.062177826491071,3.4999999999999996 4.286263797015736e-16,7 -6.062177826491071,3.4999999999999996 -6.062177826491071,-3.4999999999999982 -1.2858791391047208e-15,-7 6.062177826491069,-3.500000000000003"
          />
        </g>
      </g>
      <g
        className="hexagon-group"
        draggable="true"
        onClick={[Function]}
        onDragEnd={[Function]}
        onDragOver={[Function]}
        onDragStart={[Function]}
        onDrop={[Function]}
        onMouseEnter={[Function]}
        onMouseLeave={[Function]}
        onMouseOver={[Function]}
        transform="translate(56.36528671781562, 11.025)"
      >
        <g
          className="hexagon"
        >
          <polygon
            fill={null}
            points="6.062177826491071,3.4999999999999996 4.286263797015736e-16,7 -6.062177826491071,3.4999999999999996 -6.062177826491071,-3.4999999999999982 -1.2858791391047208e-15,-7 6.062177826491069,-3.500000000000003"
          />
        </g>
      </g>
      <g
        className="hexagon-group"
        draggable="true"
        onClick={[Function]}
        onDragEnd={[Function]}
        onDragOver={[Function]}
        onDragStart={[Function]}
        onDrop={[Function]}
        onMouseEnter={[Function]}
        onMouseLeave={[Function]}
        onMouseOver={[Function]}
        transform="translate(62.73057343563125, 22.05)"
      >
        <g
          className="hexagon"
        >
          <polygon
            fill={null}
            points="6.062177826491071,3.4999999999999996 4.286263797015736e-16,7 -6.062177826491071,3.4999999999999996 -6.062177826491071,-3.4999999999999982 -1.2858791391047208e-15,-7 6.062177826491069,-3.500000000000003"
          />
        </g>
      </g>
      <g
        className="hexagon-group"
        draggable="true"
        onClick={[Function]}
        onDragEnd={[Function]}
        onDragOver={[Function]}
        onDragStart={[Function]}
        onDrop={[Function]}
        onMouseEnter={[Function]}
        onMouseLeave={[Function]}
        onMouseOver={[Function]}
        transform="translate(69.09586015344688, 33.075)"
      >
        <g
          className="hexagon"
        >
          <polygon
            fill={null}
            points="6.062177826491071,3.4999999999999996 4.286263797015736e-16,7 -6.062177826491071,3.4999999999999996 -6.062177826491071,-3.4999999999999982 -1.2858791391047208e-15,-7 6.062177826491069,-3.500000000000003"
          />
        </g>
      </g>
      <g
        className="hexagon-group"
        draggable="true"
        onClick={[Function]}
        onDragEnd={[Function]}
        onDragOver={[Function]}
        onDragStart={[Function]}
        onDrop={[Function]}
        onMouseEnter={[Function]}
        onMouseLeave={[Function]}
        onMouseOver={[Function]}
        transform="translate(43.63471328218438, -33.075)"
      >
        <g
          className="hexagon"
        >
          <polygon
            fill={null}
            points="6.062177826491071,3.4999999999999996 4.286263797015736e-16,7 -6.062177826491071,3.4999999999999996 -6.062177826491071,-3.4999999999999982 -1.2858791391047208e-15,-7 6.062177826491069,-3.500000000000003"
          />
        </g>
      </g>
      <g
        className="hexagon-group"
        draggable="true"
        onClick={[Function]}
        onDragEnd={[Function]}
        onDragOver={[Function]}
        onDragStart={[Function]}
        onDrop={[Function]}
        onMouseEnter={[Function]}
        onMouseLeave={[Function]}
        onMouseOver={[Function]}
        transform="translate(50, -22.05)"
      >
        <g
          className="hexagon"
        >
          <polygon
            fill={null}
            points="6.062177826491071,3.4999999999999996 4.286263797015736e-16,7 -6.062177826491071,3.4999999999999996 -6.062177826491071,-3.4999999999999982 -1.2858791391047208e-15,-7 6.062177826491069,-3.500000000000003"
          />
        </g>
      </g>
      <g
        className="hexagon-group"
        draggable="true"
        onClick={[Function]}
        onDragEnd={[Function]}
        onDragOver={[Function]}
        onDragStart={[Function]}
        onDrop={[Function]}
        onMouseEnter={[Function]}
        onMouseLeave={[Function]}
        onMouseOver={[Function]}
        transform="translate(56.36528671781562, -11.025)"
      >
        <g
          className="hexagon"
        >
          <polygon
            fill={null}
            points="6.062177826491071,3.4999999999999996 4.286263797015736e-16,7 -6.062177826491071,3.4999999999999996 -6.062177826491071,-3.4999999999999982 -1.2858791391047208e-15,-7 6.062177826491069,-3.500000000000003"
          />
        </g>
      </g>
      <g
        className="hexagon-group"
        draggable="true"
        onClick={[Function]}
        onDragEnd={[Function]}
        onDragOver={[Function]}
        onDragStart={[Function]}
        onDrop={[Function]}
        onMouseEnter={[Function]}
        onMouseLeave={[Function]}
        onMouseOver={[Function]}
        transform="translate(62.73057343563125, 0)"
      >
        <g
          className="hexagon"
        >
          <polygon
            fill={null}
            points="6.062177826491071,3.4999999999999996 4.286263797015736e-16,7 -6.062177826491071,3.4999999999999996 -6.062177826491071,-3.4999999999999982 -1.2858791391047208e-15,-7 6.062177826491069,-3.500000000000003"
          />
        </g>
      </g>
      <g
        className="hexagon-group"
        draggable="true"
        onClick={[Function]}
        onDragEnd={[Function]}
        onDragOver={[Function]}
        onDragStart={[Function]}
        onDrop={[Function]}
        onMouseEnter={[Function]}
        onMouseLeave={[Function]}
        onMouseOver={[Function]}
        transform="translate(69.09586015344688, 11.025)"
      >
        <g
          className="hexagon"
        >
          <polygon
            fill={null}
            points="6.062177826491071,3.4999999999999996 4.286263797015736e-16,7 -6.062177826491071,3.4999999999999996 -6.062177826491071,-3.4999999999999982 -1.2858791391047208e-15,-7 6.062177826491069,-3.500000000000003"
          />
        </g>
      </g>
      <g
        className="hexagon-group"
        draggable="true"
        onClick={[Function]}
        onDragEnd={[Function]}
        onDragOver={[Function]}
        onDragStart={[Function]}
        onDrop={[Function]}
        onMouseEnter={[Function]}
        onMouseLeave={[Function]}
        onMouseOver={[Function]}
        transform="translate(75.4611468712625, 22.05)"
      >
        <g
          className="hexagon"
        >
          <polygon
            fill={null}
            points="6.062177826491071,3.4999999999999996 4.286263797015736e-16,7 -6.062177826491071,3.4999999999999996 -6.062177826491071,-3.4999999999999982 -1.2858791391047208e-15,-7 6.062177826491069,-3.500000000000003"
          />
        </g>
      </g>
      <g
        className="hexagon-group"
        draggable="true"
        onClick={[Function]}
        onDragEnd={[Function]}
        onDragOver={[Function]}
        onDragStart={[Function]}
        onDrop={[Function]}
        onMouseEnter={[Function]}
        onMouseLeave={[Function]}
        onMouseOver={[Function]}
        transform="translate(56.36528671781562, -33.075)"
      >
        <g
          className="hexagon"
        >
          <polygon
            fill={null}
            points="6.062177826491071,3.4999999999999996 4.286263797015736e-16,7 -6.062177826491071,3.4999999999999996 -6.062177826491071,-3.4999999999999982 -1.2858791391047208e-15,-7 6.062177826491069,-3.500000000000003"
          />
        </g>
      </g>
      <g
        className="hexagon-group"
        draggable="true"
        onClick={[Function]}
        onDragEnd={[Function]}
        onDragOver={[Function]}
        onDragStart={[Function]}
        onDrop={[Function]}
        onMouseEnter={[Function]}
        onMouseLeave={[Function]}
        onMouseOver={[Function]}
        transform="translate(62.73057343563125, -22.05)"
      >
        <g
          className="hexagon"
        >
          <polygon
            fill={null}
            points="6.062177826491071,3.4999999999999996 4.286263797015736e-16,7 -6.062177826491071,3.4999999999999996 -6.062177826491071,-3.4999999999999982 -1.2858791391047208e-15,-7 6.062177826491069,-3.500000000000003"
          />
        </g>
      </g>
      <g
        className="hexagon-group"
        draggable="true"
        onClick={[Function]}
        onDragEnd={[Function]}
        onDragOver={[Function]}
        onDragStart={[Function]}
        onDrop={[Function]}
        onMouseEnter={[Function]}
        onMouseLeave={[Function]}
        onMouseOver={[Function]}
        transform="translate(69.09586015344688, -11.025)"
      >
        <g
          className="hexagon"
        >
          <polygon
            fill={null}
            points="6.062177826491071,3.4999999999999996 4.286263797015736e-16,7 -6.062177826491071,3.4999999999999996 -6.062177826491071,-3.4999999999999982 -1.2858791391047208e-15,-7 6.062177826491069,-3.500000000000003"
          />
        </g>
      </g>
      <g
        className="hexagon-group"
        draggable="true"
        onClick={[Function]}
        onDragEnd={[Function]}
        onDragOver={[Function]}
        onDragStart={[Function]}
        onDrop={[Function]}
        onMouseEnter={[Function]}
        onMouseLeave={[Function]}
        onMouseOver={[Function]}
        transform="translate(75.4611468712625, 0)"
      >
        <g
          className="hexagon"
        >
          <polygon
            fill={null}
            points="6.062177826491071,3.4999999999999996 4.286263797015736e-16,7 -6.062177826491071,3.4999999999999996 -6.062177826491071,-3.4999999999999982 -1.2858791391047208e-15,-7 6.062177826491069,-3.500000000000003"
          />
        </g>
      </g>
      <g
        className="hexagon-group"
        draggable="true"
        onClick={[Function]}
        onDragEnd={[Function]}
        onDragOver={[Function]}
        onDragStart={[Function]}
        onDrop={[Function]}
        onMouseEnter={[Function]}
        onMouseLeave={[Function]}
        onMouseOver={[Function]}
        transform="translate(81.82643358907812, 11.025)"
      >
        <g
          className="hexagon"
        >
          <polygon
            fill={null}
            points="6.062177826491071,3.4999999999999996 4.286263797015736e-16,7 -6.062177826491071,3.4999999999999996 -6.062177826491071,-3.4999999999999982 -1.2858791391047208e-15,-7 6.062177826491069,-3.500000000000003"
          />
        </g>
      </g>
      <g
        className="hexagon-group"
        draggable="true"
        onClick={[Function]}
        onDragEnd={[Function]}
        onDragOver={[Function]}
        onDragStart={[Function]}
        onDrop={[Function]}
        onMouseEnter={[Function]}
        onMouseLeave={[Function]}
        onMouseOver={[Function]}
        transform="translate(69.09586015344688, -33.075)"
      >
        <g
          className="hexagon"
        >
          <polygon
            fill={null}
            points="6.062177826491071,3.4999999999999996 4.286263797015736e-16,7 -6.062177826491071,3.4999999999999996 -6.062177826491071,-3.4999999999999982 -1.2858791391047208e-15,-7 6.062177826491069,-3.500000000000003"
          />
        </g>
      </g>
      <g
        className="hexagon-group"
        draggable="true"
        onClick={[Function]}
        onDragEnd={[Function]}
        onDragOver={[Function]}
        onDragStart={[Function]}
        onDrop={[Function]}
        onMouseEnter={[Function]}
        onMouseLeave={[Function]}
        onMouseOver={[Function]}
        transform="translate(75.4611468712625, -22.05)"
      >
        <g
          className="hexagon"
        >
          <polygon
            fill={null}
            points="6.062177826491071,3.4999999999999996 4.286263797015736e-16,7 -6.062177826491071,3.4999999999999996 -6.062177826491071,-3.4999999999999982 -1.2858791391047208e-15,-7 6.062177826491069,-3.500000000000003"
          />
        </g>
      </g>
      <g
        className="hexagon-group"
        draggable="true"
        onClick={[Function]}
        onDragEnd={[Function]}
        onDragOver={[Function]}
        onDragStart={[Function]}
        onDrop={[Function]}
        onMouseEnter={[Function]}
        onMouseLeave={[Function]}
        onMouseOver={[Function]}
        transform="translate(81.82643358907812, -11.025)"
      >
        <g
          className="hexagon"
        >
          <polygon
            fill={null}
            points="6.062177826491071,3.4999999999999996 4.286263797015736e-16,7 -6.062177826491071,3.4999999999999996 -6.062177826491071,-3.4999999999999982 -1.2858791391047208e-15,-7 6.062177826491069,-3.500000000000003"
          />
        </g>
      </g>
      <g
        className="hexagon-group"
        draggable="true"
        onClick={[Function]}
        onDragEnd={[Function]}
        onDragOver={[Function]}
        onDragStart={[Function]}
        onDrop={[Function]}
        onMouseEnter={[Function]}
        onMouseLeave={[Function]}
        onMouseOver={[Function]}
        transform="translate(88.19172030689376, 0)"
      >
        <g
          className="hexagon"
        >
          <polygon
            fill={null}
            points="6.062177826491071,3.4999999999999996 4.286263797015736e-16,7 -6.062177826491071,3.4999999999999996 -6.062177826491071,-3.4999999999999982 -1.2858791391047208e-15,-7 6.062177826491069,-3.500000000000003"
          />
        </g>
      </g>
    </g>
    <g
      className="teams"
    >
      <g
        className="hexagon-group"
        draggable="true"
        onClick={[Function]}
        onDragEnd={[Function]}
        onDragOver={[Function]}
        onDragStart={[Function]}
        onDrop={[Function]}
        onMouseEnter={[Function]}
        onMouseLeave={[Function]}
        onMouseOver={[Function]}
        transform="translate(-62.73057343563125, -25)"
      >
        <g
          className="hexagon"
        >
          <polygon
            fill={null}
            points="6.062177826491071,3.4999999999999996 4.286263797015736e-16,7 -6.062177826491071,3.4999999999999996 -6.062177826491071,-3.4999999999999982 -1.2858791391047208e-15,-7 6.062177826491069,-3.500000000000003"
          />
        </g>
      </g>
      <g
        className="hexagon-group"
        draggable="true"
        onClick={[Function]}
        onDragEnd={[Function]}
        onDragOver={[Function]}
        onDragStart={[Function]}
        onDrop={[Function]}
        onMouseEnter={[Function]}
        onMouseLeave={[Function]}
        onMouseOver={[Function]}
        transform="translate(-56.36528671781562, -13.975)"
      >
        <g
          className="hexagon"
        >
          <polygon
            fill={null}
            points="6.062177826491071,3.4999999999999996 4.286263797015736e-16,7 -6.062177826491071,3.4999999999999996 -6.062177826491071,-3.4999999999999982 -1.2858791391047208e-15,-7 6.062177826491069,-3.500000000000003"
          />
        </g>
      </g>
      <g
        className="hexagon-group"
        draggable="true"
        onClick={[Function]}
        onDragEnd={[Function]}
        onDragOver={[Function]}
        onDragStart={[Function]}
        onDrop={[Function]}
        onMouseEnter={[Function]}
        onMouseLeave={[Function]}
        onMouseOver={[Function]}
        transform="translate(-56.36528671781562, -36.025)"
      >
        <g
          className="hexagon"
        >
          <polygon
            fill={null}
            points="6.062177826491071,3.4999999999999996 4.286263797015736e-16,7 -6.062177826491071,3.4999999999999996 -6.062177826491071,-3.4999999999999982 -1.2858791391047208e-15,-7 6.062177826491069,-3.500000000000003"
          />
        </g>
      </g>
      <g
        className="hexagon-group"
        draggable="true"
        onClick={[Function]}
        onDragEnd={[Function]}
        onDragOver={[Function]}
        onDragStart={[Function]}
        onDrop={[Function]}
        onMouseEnter={[Function]}
        onMouseLeave={[Function]}
        onMouseOver={[Function]}
        transform="translate(-50, -25)"
      >
        <g
          className="hexagon"
        >
          <polygon
            fill={null}
            points="6.062177826491071,3.4999999999999996 4.286263797015736e-16,7 -6.062177826491071,3.4999999999999996 -6.062177826491071,-3.4999999999999982 -1.2858791391047208e-15,-7 6.062177826491069,-3.500000000000003"
          />
        </g>
      </g>
      <g
        className="hexagon-group"
        draggable="true"
        onClick={[Function]}
        onDragEnd={[Function]}
        onDragOver={[Function]}
        onDragStart={[Function]}
        onDrop={[Function]}
        onMouseEnter={[Function]}
        onMouseLeave={[Function]}
        onMouseOver={[Function]}
        transform="translate(-43.63471328218438, -13.975)"
      >
        <g
          className="hexagon"
        >
          <polygon
            fill={null}
            points="6.062177826491071,3.4999999999999996 4.286263797015736e-16,7 -6.062177826491071,3.4999999999999996 -6.062177826491071,-3.4999999999999982 -1.2858791391047208e-15,-7 6.062177826491069,-3.500000000000003"
          />
        </g>
      </g>
      <g
        className="hexagon-group"
        draggable="true"
        onClick={[Function]}
        onDragEnd={[Function]}
        onDragOver={[Function]}
        onDragStart={[Function]}
        onDrop={[Function]}
        onMouseEnter={[Function]}
        onMouseLeave={[Function]}
        onMouseOver={[Function]}
        transform="translate(-43.63471328218438, -36.025)"
      >
        <g
          className="hexagon"
        >
          <polygon
            fill={null}
            points="6.062177826491071,3.4999999999999996 4.286263797015736e-16,7 -6.062177826491071,3.4999999999999996 -6.062177826491071,-3.4999999999999982 -1.2858791391047208e-15,-7 6.062177826491069,-3.500000000000003"
          />
        </g>
      </g>
      <g
        className="hexagon-group"
        draggable="true"
        onClick={[Function]}
        onDragEnd={[Function]}
        onDragOver={[Function]}
        onDragStart={[Function]}
        onDrop={[Function]}
        onMouseEnter={[Function]}
        onMouseLeave={[Function]}
        onMouseOver={[Function]}
        transform="translate(-37.26942656436875, -25)"
      >
        <g
          className="hexagon"
        >
          <polygon
            fill={null}
            points="6.062177826491071,3.4999999999999996 4.286263797015736e-16,7 -6.062177826491071,3.4999999999999996 -6.062177826491071,-3.4999999999999982 -1.2858791391047208e-15,-7 6.062177826491069,-3.500000000000003"
          />
        </g>
      </g>
    </g>
    <g
      className="teams"
    >
      <g
        className="hexagon-group"
        draggable="true"
        onClick={[Function]}
        onDragEnd={[Function]}
        onDragOver={[Function]}
        onDragStart={[Function]}
        onDrop={[Function]}
        onMouseEnter={[Function]}
        onMouseLeave={[Function]}
        onMouseOver={[Function]}
        transform="translate(-62.73057343563125, 25)"
      >
        <g
          className="hexagon"
        >
          <polygon
            fill={null}
            points="6.062177826491071,3.4999999999999996 4.286263797015736e-16,7 -6.062177826491071,3.4999999999999996 -6.062177826491071,-3.4999999999999982 -1.2858791391047208e-15,-7 6.062177826491069,-3.500000000000003"
          />
        </g>
      </g>
      <g
        className="hexagon-group"
        draggable="true"
        onClick={[Function]}
        onDragEnd={[Function]}
        onDragOver={[Function]}
        onDragStart={[Function]}
        onDrop={[Function]}
        onMouseEnter={[Function]}
        onMouseLeave={[Function]}
        onMouseOver={[Function]}
        transform="translate(-56.36528671781562, 36.025)"
      >
        <g
          className="hexagon"
        >
          <polygon
            fill={null}
            points="6.062177826491071,3.4999999999999996 4.286263797015736e-16,7 -6.062177826491071,3.4999999999999996 -6.062177826491071,-3.4999999999999982 -1.2858791391047208e-15,-7 6.062177826491069,-3.500000000000003"
          />
        </g>
      </g>
      <g
        className="hexagon-group"
        draggable="true"
        onClick={[Function]}
        onDragEnd={[Function]}
        onDragOver={[Function]}
        onDragStart={[Function]}
        onDrop={[Function]}
        onMouseEnter={[Function]}
        onMouseLeave={[Function]}
        onMouseOver={[Function]}
        transform="translate(-56.36528671781562, 13.975)"
      >
        <g
          className="hexagon"
        >
          <polygon
            fill={null}
            points="6.062177826491071,3.4999999999999996 4.286263797015736e-16,7 -6.062177826491071,3.4999999999999996 -6.062177826491071,-3.4999999999999982 -1.2858791391047208e-15,-7 6.062177826491069,-3.500000000000003"
          />
        </g>
      </g>
      <g
        className="hexagon-group"
        draggable="true"
        onClick={[Function]}
        onDragEnd={[Function]}
        onDragOver={[Function]}
        onDragStart={[Function]}
        onDrop={[Function]}
        onMouseEnter={[Function]}
        onMouseLeave={[Function]}
        onMouseOver={[Function]}
        transform="translate(-50, 25)"
      >
        <g
          className="hexagon"
        >
          <polygon
            fill={null}
            points="6.062177826491071,3.4999999999999996 4.286263797015736e-16,7 -6.062177826491071,3.4999999999999996 -6.062177826491071,-3.4999999999999982 -1.2858791391047208e-15,-7 6.062177826491069,-3.500000000000003"
          />
        </g>
      </g>
      <g
        className="hexagon-group"
        draggable="true"
        onClick={[Function]}
        onDragEnd={[Function]}
        onDragOver={[Function]}
        onDragStart={[Function]}
        onDrop={[Function]}
        onMouseEnter={[Function]}
        onMouseLeave={[Function]}
        onMouseOver={[Function]}
        transform="translate(-43.63471328218438, 36.025)"
      >
        <g
          className="hexagon"
        >
          <polygon
            fill={null}
            points="6.062177826491071,3.4999999999999996 4.286263797015736e-16,7 -6.062177826491071,3.4999999999999996 -6.062177826491071,-3.4999999999999982 -1.2858791391047208e-15,-7 6.062177826491069,-3.500000000000003"
          />
        </g>
      </g>
      <g
        className="hexagon-group"
        draggable="true"
        onClick={[Function]}
        onDragEnd={[Function]}
        onDragOver={[Function]}
        onDragStart={[Function]}
        onDrop={[Function]}
        onMouseEnter={[Function]}
        onMouseLeave={[Function]}
        onMouseOver={[Function]}
        transform="translate(-43.63471328218438, 13.975)"
      >
        <g
          className="hexagon"
        >
          <polygon
            fill={null}
            points="6.062177826491071,3.4999999999999996 4.286263797015736e-16,7 -6.062177826491071,3.4999999999999996 -6.062177826491071,-3.4999999999999982 -1.2858791391047208e-15,-7 6.062177826491069,-3.500000000000003"
          />
        </g>
      </g>
      <g
        className="hexagon-group"
        draggable="true"
        onClick={[Function]}
        onDragEnd={[Function]}
        onDragOver={[Function]}
        onDragStart={[Function]}
        onDrop={[Function]}
        onMouseEnter={[Function]}
        onMouseLeave={[Function]}
        onMouseOver={[Function]}
        transform="translate(-37.26942656436875, 25)"
      >
        <g
          className="hexagon"
        >
          <polygon
            fill={null}
            points="6.062177826491071,3.4999999999999996 4.286263797015736e-16,7 -6.062177826491071,3.4999999999999996 -6.062177826491071,-3.4999999999999982 -1.2858791391047208e-15,-7 6.062177826491069,-3.500000000000003"
          />
        </g>
      </g>
    </g>
  </svg>
</div>
`;
